Microchip MPLAB XC8 Compiler V2.10 ()

Linker command line:

-W-3 --edf=C:\Program Files (x86)\Microchip\xc8\v2.10\pic\dat\en_msgs.txt \
  -cs -h+dist/default/production\NeoPixelController.X.production.sym \
  --cmf=dist/default/production\NeoPixelController.X.production.cmf -z \
  -Q18F4550 -oC:\Users\isaak\AppData\Local\Temp\s7lc.2 \
  --defsym=__MPLAB_BUILD=1 \
  -Mdist/default/production/NeoPixelController.X.production.map -E1 \
  -ver=XC8 --acfsm=1493 -ASTACK=055Ah-07FFh -pstack=STACK -ACODE=00h-07FFFh \
  -ACONST=00h-07FFFh -ASMALLCONST=0800h-08FFhx120 \
  -AMEDIUMCONST=0800h-07FFFh -ACOMRAM=01h-05Fh -AABS1=00h-07FFh \
  -ABIGRAM=01h-07FFh -ARAM=060h-0FFh,0100h-01FFhx7 -ABANK0=060h-0FFh \
  -ABANK1=0100h-01FFh -ABANK2=0200h-02FFh -ABANK3=0300h-03FFh \
  -ABANK4=0400h-04FFh -ABANK5=0500h-05FFh -ABANK6=0600h-06FFh \
  -ABANK7=0700h-07FFh -ASFR=0F60h-0FFFh \
  -preset_vec=00h,intcode=08h,intcodelo,powerup,init -pramtop=0800h \
  -psmallconst=SMALLCONST -pmediumconst=MEDIUMCONST -pconst=CONST \
  -AFARRAM=00h-00h -ACONFIG=0300000h-030000Dh -pconfig=CONFIG \
  -AIDLOC=0200000h-0200007h -pidloc=IDLOC -AEEDATA=0F00000h-0F000FFh \
  -peeprom_data=EEDATA \
  -prdata=COMRAM,nvrram=COMRAM,nvbit=COMRAM,rbss=COMRAM,rbit=COMRAM \
  -pfarbss=FARRAM,fardata=FARRAM,nvFARRAM=FARRAM \
  -pintsave_regs=BIGRAM,bigbss=BIGRAM,bigdata=BIGRAM -pbss=RAM \
  -pidata=CODE,irdata=CODE,ibigdata=CODE,ifardata=CODE -prparam=COMRAM \
  C:\Users\isaak\AppData\Local\Temp\s7lc.o \
  dist/default/production\NeoPixelController.X.production.o \
  build/default/production/EnvioDeBits.o 

Object code version is 3.11

Machine type is 18F4550

Call graph: (short form)




                Name                               Link     Load   Length Selector   Space Scale
C:\Users\isaak\AppData\Local\Temp\s7lc.o
                init                                  E        E        4        4       0
                reset_vec                             0        0        4        0       0
                idloc                            200000   200000        8   200000       0
                config                           300000   300000        E   300000       0
dist/default/production\NeoPixelController.X.production.o
                intcode                               8        8        6        4       0
                temp                                 5D       5D        1        1       1
                smallconst                          800      800        A      400       0
                text37                             2832     2832      17C      405       0
                intcode_body                       3B22     3B22       3C      405       0
                text35                             3A46     3A46       5C      405       0
                text34                             3AA2     3AA2       44      405       0
                text33                             3BF8     3BF8       20      405       0
                text32                             342A     342A       E0      405       0
                text31                             3804     3804       84      405       0
                text30                             3B98     3B98       3A      405       0
                text29                             397A     397A       70      405       0
                text28                             3BD2     3BD2       26      405       0
                text27                             3888     3888       82      405       0
                text26                             3AE6     3AE6       3C      405       0
                text25                             1C2E     1C2E      2E4      405       0
                text24                             311A     311A      116      405       0
                text23                             21B4     21B4      288      405       0
                text22                             1902     1902      32C      405       0
                text21                             36AC     36AC       BA      405       0
                text20                             2C6C     2C6C      140      405       0
                text19                              80A      80A      48E      405       0
                text18                             1108     1108      418      405       0
                text17                             35E0     35E0       CC      405       0
                text16                             2B1E     2B1E      14E      405       0
                text15                             3002     3002      118      405       0
                text14                             243C     243C      250      405       0
                text13                             350A     350A       D6      405       0
                text12                             39EA     39EA       5C      405       0
                text11                             1F12     1F12      2A2      405       0
                text10                             1520     1520      3E2      405       0
                text9                               C98      C98      470      405       0
                text8                              2DAC     2DAC      13A      405       0
                text7                              3C34     3C34       1A      405       0
                text6                              3230     3230      106      405       0
                text5                              3766     3766       9E      405       0
                text4                              2EE6     2EE6      11C      405       0
                text3                              390A     390A       70      405       0
                text2                              268C     268C      1A6      405       0
                text1                              3C18     3C18       1C      405       0
                text0                              3336     3336       F4      405       0
                cstackCOMRAM                          1        1       56        1       1
                cstackBANK0                          6C       6C        2       60       1
                bssBIGRAM                            6E       6E      4EC       6E       1
                bssBANK0                             60       60        C       60       1
                bssCOMRAM                            57       57        5        1       1
                bitbssCOMRAM                        2E0       5C        1        1       1     8
                cinit                              3B5E     3B5E       3A      405       0
build/default/production/EnvioDeBits.o
                myspace                            29AE     29AE      170      405       0

TOTAL           Name                               Link     Load   Length     Space
        CLASS   STACK          

        CLASS   CODE           
                intcode                               8        8        6         0
                init                                  E        E        4         0
                reset_vec                             0        0        4         0
                text37                             2832     2832      17C         0
                intcode_body                       3B22     3B22       3C         0
                text35                             3A46     3A46       5C         0
                text34                             3AA2     3AA2       44         0
                text33                             3BF8     3BF8       20         0
                text32                             342A     342A       E0         0
                text31                             3804     3804       84         0
                text30                             3B98     3B98       3A         0
                text29                             397A     397A       70         0
                text28                             3BD2     3BD2       26         0
                text27                             3888     3888       82         0
                text26                             3AE6     3AE6       3C         0
                text25                             1C2E     1C2E      2E4         0
                text24                             311A     311A      116         0
                text23                             21B4     21B4      288         0
                text22                             1902     1902      32C         0
                text21                             36AC     36AC       BA         0
                text20                             2C6C     2C6C      140         0
                text19                              80A      80A      48E         0
                text18                             1108     1108      418         0
                text17                             35E0     35E0       CC         0
                text16                             2B1E     2B1E      14E         0
                text15                             3002     3002      118         0
                text14                             243C     243C      250         0
                text13                             350A     350A       D6         0
                text12                             39EA     39EA       5C         0
                text11                             1F12     1F12      2A2         0
                text10                             1520     1520      3E2         0
                text9                               C98      C98      470         0
                text8                              2DAC     2DAC      13A         0
                text7                              3C34     3C34       1A         0
                text6                              3230     3230      106         0
                text5                              3766     3766       9E         0
                text4                              2EE6     2EE6      11C         0
                text3                              390A     390A       70         0
                text2                              268C     268C      1A6         0
                text1                              3C18     3C18       1C         0
                text0                              3336     3336       F4         0
                cinit                              3B5E     3B5E       3A         0
                myspace                            29AE     29AE      170         0

        CLASS   CONST          

        CLASS   SMALLCONST     
                smallconst                          800      800        A         0

        CLASS   MEDIUMCONST    

        CLASS   COMRAM         
                temp                                 5D       5D        1         1
                cstackCOMRAM                          1        1       56         1
                bssCOMRAM                            57       57        5         1
                bitbssCOMRAM                        2E0       5C        1         1

        CLASS   ABS1           

        CLASS   BIGRAM         
                bssBIGRAM                            6E       6E      4EC         1

        CLASS   RAM            

        CLASS   BANK0          
                cstackBANK0                          6C       6C        2         1
                bssBANK0                             60       60        C         1

        CLASS   BANK1          

        CLASS   BANK2          

        CLASS   BANK3          

        CLASS   BANK4          

        CLASS   BANK5          

        CLASS   BANK6          

        CLASS   BANK7          

        CLASS   SFR            

        CLASS   FARRAM         

        CLASS   CONFIG         
                config                           300000   300000        E         0

        CLASS   IDLOC          
                idloc                            200000   200000        8         0

        CLASS   EEDATA         



SEGMENTS        Name                           Load    Length   Top    Selector   Space  Class

                reset_vec                      000000  000004  000004         0       0  CODE    
                cstackCOMRAM                   000001  00005D  00005E         1       1  COMRAM  
                intcode                        000008  00000A  000012         4       0  CODE    
                bssBANK0                       000060  00000E  00006E        60       1  BANK0   
                bssBIGRAM                      00006E  0004EC  00055A        6E       1  BIGRAM  
                smallconst                     000800  00000A  00080A       400       0  SMALLCON
                text19                         00080A  003444  003C4E       405       0  CODE    
                idloc                          200000  000008  200008    200000       0  IDLOC   
                config                         300000  00000E  30000E    300000       0  CONFIG  


UNUSED ADDRESS RANGES

        Name                Unused          Largest block    Delta
        BANK5            00055A-0005FF               A6
        BANK6            000600-0006FF              100
        BANK7            000700-0007FF              100
        BIGRAM           00005E-00005F                2
                         00055A-0007FF              2A6
        CODE             000004-000007                4
                         000012-0007FF              7EE
                         003C4E-007FFF             43B2
        COMRAM           00005E-00005F                2
        CONST            000004-000007                4
                         000012-0007FF              7EE
                         003C4E-007FFF             43B2
        EEDATA           F00000-F000FF              100
        MEDIUMCONST      003C4E-007FFF             43B2
        RAM              00055A-0007FF              100
        SFR              000F60-000FFF               A0
        SMALLCONST       003C4E-007FFF              100
        STACK            00055A-0007FF              2A6

                                  Symbol Table

?___awdiv                      cstackCOMRAM 000009
?___awmod                      cstackCOMRAM 000003
?___fldiv                      cstackCOMRAM 000011
?___flmul                      cstackCOMRAM 00002A
?___fltol                      cstackCOMRAM 000003
?___wmul                       cstackCOMRAM 000003
?___xxtofl                     cstackCOMRAM 000003
CycloneBounceRainbow@EyeSize   cstackCOMRAM 00001B
CycloneBounceRainbow@c         cstackCOMRAM 000028
CycloneBounceRainbow@i         cstackCOMRAM 000026
CycloneBounceRainbow@i_296     cstackCOMRAM 000027
CycloneBounceRainbow@j         cstackCOMRAM 000024
CycloneBounceRainbow@j_295     cstackCOMRAM 000022
CycloneBounceRainbow@j_297     cstackCOMRAM 000023
CylonBounce@EyeSize            cstackCOMRAM 00001B
CylonBounce@i                  cstackCOMRAM 000022
CylonBounce@i_288              cstackCOMRAM 000025
CylonBounce@j                  cstackCOMRAM 000023
CylonBounce@j_289              cstackCOMRAM 000024
Delay_ms@l                     cstackCOMRAM 000006
Delay_ms@time                  cstackCOMRAM 000003
FadeAllcolors@b                cstackCOMRAM 00004C
FadeAllcolors@c                cstackCOMRAM 000056
FadeAllcolors@g                cstackCOMRAM 000048
FadeAllcolors@j                cstackCOMRAM 000050
FadeAllcolors@k                cstackCOMRAM 000052
FadeAllcolors@k_325            cstackCOMRAM 000054
FadeAllcolors@r                cstackCOMRAM 000044
FadeInOut@b                    cstackCOMRAM 00004B
FadeInOut@g                    cstackCOMRAM 000047
FadeInOut@k                    cstackCOMRAM 00004F
FadeInOut@k_264                cstackCOMRAM 000051
FadeInOut@r                    cstackCOMRAM 000043
RGBLoop@j                      cstackCOMRAM 00001D
RGBLoop@k                      cstackCOMRAM 00001E
RGBLoop@k_239                  cstackCOMRAM 000020
RunningLights@i                cstackCOMRAM 00001E
RunningLights@i_336            cstackCOMRAM 000020
RunningLights@pixelOn          cstackCOMRAM 00001B
RunningLights@q                cstackCOMRAM 00001D
RunningLightsRainbow@c         cstackCOMRAM 000023
RunningLightsRainbow@i         cstackCOMRAM 00001B
RunningLightsRainbow@i_342     cstackCOMRAM 00001F
RunningLightsRainbow@i_343     cstackCOMRAM 000021
RunningLightsRainbow@pixelOn   cstackCOMRAM 000019
RunningLightsRainbow@q         cstackCOMRAM 00001D
SetAllColor@counter            cstackCOMRAM 00001F
SetAllColor@flag               cstackCOMRAM 000023
SetAllColor@i                  cstackCOMRAM 00001D
SetAllColor@i_307              cstackCOMRAM 000025
SetAllColor@i_308              cstackCOMRAM 000027
SetAllColor@i_309              cstackCOMRAM 000021
SetAllColor@newBT              cstackCOMRAM 000029
SetAllcolors@c                 cstackCOMRAM 000021
SetAllcolors@i                 cstackCOMRAM 00001F
SetAllcolors@j                 cstackCOMRAM 00001D
Show@i                         cstackCOMRAM 000004
Show@ptrInicial                cstackCOMRAM 000006
Time_Check@Time                cstackCOMRAM 000003
Wheel@WheelPos                 cstackCOMRAM 000011
Wheel@c                        bssBANK0     000069
_BAUDCON                       (abs)        000FB8
_BT_Buff                       bssBANK0     000065
_BT_Patron                     bssCOMRAM    00005B
_BT_RC                         bssBANK0     000060
_BT_RGB                        bssCOMRAM    000057
_BT_Tiempo                     bssCOMRAM    00005A
_BT_rainbow                    bitbssCOMRAM 0002E0
_ByteB                         bssBANK0     000066
_ByteG                         bssBANK0     000067
_ByteR                         bssBANK0     000068
_Config4550                    text35       003A46
_CycloneBounceRainbow          text25       001C2E
_CylonBounce                   text24       00311A
_Delay_ms                      text34       003AA2
_Enviar_Bits                   myspace      0029AE
_FadeAllcolors                 text19       00080A
_FadeInOut                     text18       001108
_INTCONbits                    (abs)        000FF2
_ISR                           intcode      000008
_NumofBytes                    bssBIGRAM    00006E
_OSCCONbits                    (abs)        000FD3
_PIE1bits                      (abs)        000F9D
_PIR1bits                      (abs)        000F9E
_PORTA                         (abs)        000F80
_PORTB                         (abs)        000F81
_PORTC                         (abs)        000F82
_PORTD                         (abs)        000F83
_PORTE                         (abs)        000F84
_RCONbits                      (abs)        000FD0
_RCREG                         (abs)        000FAE
_RCSTA                         (abs)        000FAB
_RGBLoop                       text8        002DAC
_RunningLights                 text17       0035E0
_RunningLightsRainbow          text16       002B1E
_SPBRG                         (abs)        000FAF
_SPBRGH                        (abs)        000FB0
_SetAllColor                   text14       00243C
_SetAllcolors                  text13       00350A
_Show                          text29       00397A
_Strobe                        text12       0039EA
_T1CON                         (abs)        000FCD
_TMR1H                         (abs)        000FCF
_TMR1L                         (abs)        000FCE
_TRISA                         (abs)        000F92
_TRISB                         (abs)        000F93
_TRISC                         (abs)        000F94
_TRISCbits                     (abs)        000F94
_TRISD                         (abs)        000F95
_TRISE                         (abs)        000F96
_TXSTA                         (abs)        000FAC
_Time_Check                    text33       003BF8
_Wheel                         text32       00342A
__CFG_BOR$ON                   (abs)        000000
__CFG_BORV$2                   (abs)        000000
__CFG_CCP2MX$OFF               (abs)        000000
__CFG_CP0$OFF                  (abs)        000000
__CFG_CP1$OFF                  (abs)        000000
__CFG_CP2$OFF                  (abs)        000000
__CFG_CP3$OFF                  (abs)        000000
__CFG_CPB$OFF                  (abs)        000000
__CFG_CPD$OFF                  (abs)        000000
__CFG_CPUDIV$OSC1_PLL2         (abs)        000000
__CFG_EBTR0$OFF                (abs)        000000
__CFG_EBTR1$OFF                (abs)        000000
__CFG_EBTR2$OFF                (abs)        000000
__CFG_EBTR3$OFF                (abs)        000000
__CFG_EBTRB$OFF                (abs)        000000
__CFG_FCMEN$OFF                (abs)        000000
__CFG_FOSC$HSPLL_HS            (abs)        000000
__CFG_ICPRT$OFF                (abs)        000000
__CFG_IESO$ON                  (abs)        000000
__CFG_LPT1OSC$OFF              (abs)        000000
__CFG_LVP$OFF                  (abs)        000000
__CFG_MCLRE$OFF                (abs)        000000
__CFG_PBADEN$OFF               (abs)        000000
__CFG_PLLDIV$2                 (abs)        000000
__CFG_PWRT$ON                  (abs)        000000
__CFG_STVREN$ON                (abs)        000000
__CFG_USBDIV$1                 (abs)        000000
__CFG_VREGEN$OFF               (abs)        000000
__CFG_WDT$OFF                  (abs)        000000
__CFG_WDTPS$32768              (abs)        000000
__CFG_WRT0$OFF                 (abs)        000000
__CFG_WRT1$OFF                 (abs)        000000
__CFG_WRT2$OFF                 (abs)        000000
__CFG_WRT3$OFF                 (abs)        000000
__CFG_WRTB$OFF                 (abs)        000000
__CFG_WRTC$OFF                 (abs)        000000
__CFG_WRTD$OFF                 (abs)        000000
__CFG_XINST$OFF                (abs)        000000
__HRAM                         (abs)        000000
__Habs1                        abs1         000000
__Hbank0                       bank0        000000
__Hbank1                       bank1        000000
__Hbank2                       bank2        000000
__Hbank3                       bank3        000000
__Hbank4                       bank4        000000
__Hbank5                       bank5        000000
__Hbank6                       bank6        000000
__Hbank7                       bank7        000000
__Hbigbss                      bigbss       000000
__Hbigdata                     bigdata      000000
__Hbigram                      bigram       000000
__HbitbssCOMRAM                bitbssCOMRAM 000000
__Hbss                         bss          000000
__HbssBANK0                    bssBANK0     000000
__HbssBIGRAM                   bssBIGRAM    000000
__HbssCOMRAM                   bssCOMRAM    000000
__Hcinit                       cinit        000000
__Hclrtext                     clrtext      000000
__Hcomram                      comram       000000
__Hconfig                      config       30000E
__Hconst                       const        000000
__HcstackBANK0                 cstackBANK0  000000
__HcstackCOMRAM                cstackCOMRAM 000000
__Hdata                        data         000000
__Heeprom_data                 eeprom_data  000000
__Hfarbss                      farbss       000000
__Hfardata                     fardata      000000
__Hibigdata                    ibigdata     000000
__Hidata                       idata        000000
__Hidloc                       idloc        200008
__Hifardata                    ifardata     000000
__Hinit                        init         000012
__Hintcode                     intcode      00000E
__Hintcode_body                intcode_body 000000
__Hintcodelo                   intcodelo    00000E
__Hintentry                    intentry     000000
__Hintret                      intret       000000
__Hintsave_regs                intsave_regs 000000
__Hirdata                      irdata       000000
__Hmediumconst                 mediumconst  000000
__HnvFARRAM                    nvFARRAM     000000
__Hnvbit                       nvbit        000000
__Hnvrram                      nvrram       000000
__Hparam                       rparam       000000
__Hpowerup                     powerup      00000E
__Hram                         ram          000000
__Hramtop                      ramtop       000800
__Hrbit                        rbit         000000
__Hrbss                        rbss         000000
__Hrdata                       rdata        000000
__Hreset_vec                   reset_vec    000004
__Hrparam                      rparam       000000
__Hsfr                         sfr          000000
__Hsmallconst                  smallconst   00080A
__Hspace_0                     (abs)        30000E
__Hspace_1                     (abs)        00055A
__Hspace_2                     (abs)        000000
__Hstack                       stack        000000
__Hstruct                      struct       000000
__Htemp                        temp         00005E
__Htext                        text         000000
__Htext0                       text0        000000
__Htext1                       text1        000000
__Htext10                      text10       000000
__Htext11                      text11       000000
__Htext12                      text12       000000
__Htext13                      text13       000000
__Htext14                      text14       000000
__Htext15                      text15       000000
__Htext16                      text16       000000
__Htext17                      text17       000000
__Htext18                      text18       000000
__Htext19                      text19       000000
__Htext2                       text2        000000
__Htext20                      text20       000000
__Htext21                      text21       000000
__Htext22                      text22       000000
__Htext23                      text23       000000
__Htext24                      text24       000000
__Htext25                      text25       000000
__Htext26                      text26       000000
__Htext27                      text27       000000
__Htext28                      text28       000000
__Htext29                      text29       000000
__Htext3                       text3        000000
__Htext30                      text30       000000
__Htext31                      text31       000000
__Htext32                      text32       000000
__Htext33                      text33       000000
__Htext34                      text34       000000
__Htext35                      text35       000000
__Htext37                      text37       000000
__Htext4                       text4        000000
__Htext5                       text5        000000
__Htext6                       text6        000000
__Htext7                       text7        000000
__Htext8                       text8        000000
__Htext9                       text9        000000
__LRAM                         (abs)        000001
__Labs1                        abs1         000000
__Lbank0                       bank0        000000
__Lbank1                       bank1        000000
__Lbank2                       bank2        000000
__Lbank3                       bank3        000000
__Lbank4                       bank4        000000
__Lbank5                       bank5        000000
__Lbank6                       bank6        000000
__Lbank7                       bank7        000000
__Lbigbss                      bigbss       000000
__Lbigdata                     bigdata      000000
__Lbigram                      bigram       000000
__LbitbssCOMRAM                bitbssCOMRAM 000000
__Lbss                         bss          000000
__LbssBANK0                    bssBANK0     000000
__LbssBIGRAM                   bssBIGRAM    000000
__LbssCOMRAM                   bssCOMRAM    000000
__Lcinit                       cinit        000000
__Lclrtext                     clrtext      000000
__Lcomram                      comram       000000
__Lconfig                      config       300000
__Lconst                       const        000000
__LcstackBANK0                 cstackBANK0  000000
__LcstackCOMRAM                cstackCOMRAM 000000
__Ldata                        data         000000
__Leeprom_data                 eeprom_data  000000
__Lfarbss                      farbss       000000
__Lfardata                     fardata      000000
__Libigdata                    ibigdata     000000
__Lidata                       idata        000000
__Lidloc                       idloc        200000
__Lifardata                    ifardata     000000
__Linit                        init         00000E
__Lintcode                     intcode      000008
__Lintcode_body                intcode_body 000000
__Lintcodelo                   intcodelo    00000E
__Lintentry                    intentry     000000
__Lintret                      intret       000000
__Lintsave_regs                intsave_regs 000000
__Lirdata                      irdata       000000
__Lmediumconst                 mediumconst  000000
__LnvFARRAM                    nvFARRAM     000000
__Lnvbit                       nvbit        000000
__Lnvrram                      nvrram       000000
__Lparam                       rparam       000000
__Lpowerup                     powerup      00000E
__Lram                         ram          000000
__Lramtop                      ramtop       000800
__Lrbit                        rbit         000000
__Lrbss                        rbss         000000
__Lrdata                       rdata        000000
__Lreset_vec                   reset_vec    000000
__Lrparam                      rparam       000000
__Lsfr                         sfr          000000
__Lsmallconst                  smallconst   000800
__Lspace_0                     (abs)        000000
__Lspace_1                     (abs)        000000
__Lspace_2                     (abs)        000000
__Lstack                       stack        000000
__Lstruct                      struct       000000
__Ltemp                        temp         00005D
__Ltext                        text         000000
__Ltext0                       text0        000000
__Ltext1                       text1        000000
__Ltext10                      text10       000000
__Ltext11                      text11       000000
__Ltext12                      text12       000000
__Ltext13                      text13       000000
__Ltext14                      text14       000000
__Ltext15                      text15       000000
__Ltext16                      text16       000000
__Ltext17                      text17       000000
__Ltext18                      text18       000000
__Ltext19                      text19       000000
__Ltext2                       text2        000000
__Ltext20                      text20       000000
__Ltext21                      text21       000000
__Ltext22                      text22       000000
__Ltext23                      text23       000000
__Ltext24                      text24       000000
__Ltext25                      text25       000000
__Ltext26                      text26       000000
__Ltext27                      text27       000000
__Ltext28                      text28       000000
__Ltext29                      text29       000000
__Ltext3                       text3        000000
__Ltext30                      text30       000000
__Ltext31                      text31       000000
__Ltext32                      text32       000000
__Ltext33                      text33       000000
__Ltext34                      text34       000000
__Ltext35                      text35       000000
__Ltext37                      text37       000000
__Ltext4                       text4        000000
__Ltext5                       text5        000000
__Ltext6                       text6        000000
__Ltext7                       text7        000000
__Ltext8                       text8        000000
__Ltext9                       text9        000000
__S0                           (abs)        30000E
__S1                           (abs)        00055A
__S2                           (abs)        000000
___awdiv                       text31       003804
___awdiv@counter               cstackCOMRAM 00000D
___awdiv@dividend              cstackCOMRAM 000009
___awdiv@divisor               cstackCOMRAM 00000B
___awdiv@quotient              cstackCOMRAM 00000F
___awdiv@sign                  cstackCOMRAM 00000E
___awmod                       text3        00390A
___awmod@counter               cstackCOMRAM 000007
___awmod@dividend              cstackCOMRAM 000003
___awmod@divisor               cstackCOMRAM 000005
___awmod@sign                  cstackCOMRAM 000008
___fldiv                       text23       0021B4
___fldiv@a                     cstackCOMRAM 000015
___fldiv@aexp                  cstackCOMRAM 000029
___fldiv@b                     cstackCOMRAM 000011
___fldiv@bexp                  cstackCOMRAM 000028
___fldiv@grs                   cstackCOMRAM 000024
___fldiv@new_exp               cstackCOMRAM 000022
___fldiv@rem                   cstackCOMRAM 00001D
___fldiv@sign                  cstackCOMRAM 000021
___flmul                       text22       001902
___flmul@a                     cstackCOMRAM 00002E
___flmul@aexp                  cstackCOMRAM 000037
___flmul@b                     cstackCOMRAM 00002A
___flmul@bexp                  cstackCOMRAM 00003C
___flmul@grs                   cstackCOMRAM 000038
___flmul@prod                  cstackCOMRAM 00003D
___flmul@sign                  cstackCOMRAM 000036
___flmul@temp                  cstackCOMRAM 000041
___fltol                       text21       0036AC
___fltol@exp1                  cstackCOMRAM 00000C
___fltol@f1                    cstackCOMRAM 000003
___fltol@sign1                 cstackCOMRAM 00000B
___inthi_sp                    stack        000000
___intlo_sp                    stack        000000
___lbdiv                       text30       003B98
___lbdiv@counter               cstackCOMRAM 000005
___lbdiv@dividend              cstackCOMRAM 000004
___lbdiv@divisor               cstackCOMRAM 000003
___lbdiv@quotient              cstackCOMRAM 000006
___param_bank                  (abs)        000000
___rparam_used                 (abs)        000001
___sp                          stack        000000
___wmul                        text28       003BD2
___wmul@multiplicand           cstackCOMRAM 000005
___wmul@multiplier             cstackCOMRAM 000003
___wmul@product                cstackCOMRAM 000007
___xxtofl                      text20       002C6C
___xxtofl@arg                  cstackCOMRAM 00000D
___xxtofl@exp                  cstackCOMRAM 00000C
___xxtofl@sign                 cstackCOMRAM 00000B
___xxtofl@val                  cstackCOMRAM 000003
__accesstop                    (abs)        000060
__activetblptr                 (abs)        000002
__end_of_Config4550            text35       003AA2
__end_of_CycloneBounceRainbow  text25       001F12
__end_of_CylonBounce           text24       003230
__end_of_Delay_ms              text34       003AE6
__end_of_FadeAllcolors         text19       000C98
__end_of_FadeInOut             text18       001520
__end_of_ISR                   intcode_body 003B5E
__end_of_NeoNum                smallconst   000809
__end_of_RGBLoop               text8        002EE6
__end_of_RunningLights         text17       0036AC
__end_of_RunningLightsRainbow  text16       002C6C
__end_of_SetAllColor           text14       00268C
__end_of_SetAllcolors          text13       0035E0
__end_of_Show                  text29       0039EA
__end_of_Strobe                text12       003A46
__end_of_Time_Check            text33       003C18
__end_of_Wheel                 text32       00350A
__end_of___awdiv               text31       003888
__end_of___awmod               text3        00397A
__end_of___fldiv               text23       00243C
__end_of___flmul               text22       001C2E
__end_of___fltol               text21       003766
__end_of___lbdiv               text30       003BD2
__end_of___wmul                text28       003BF8
__end_of___xxtofl              text20       002DAC
__end_of__initialization       cinit        003B8A
__end_of_bOffset               smallconst   000803
__end_of_checkBuff             text37       0029AE
__end_of_colorWipe             text11       0021B4
__end_of_colorWipeRainbow      text10       001902
__end_of_fadeInOutRainbow      text9        001108
__end_of_gOffset               smallconst   000805
__end_of_initiateLeds          text7        003C4E
__end_of_main                  text0        00342A
__end_of_rOffset               smallconst   000807
__end_of_rainbowCycle          text6        003336
__end_of_setAll                text26       003B22
__end_of_setPixel              text27       00390A
__end_of_staticWheel           text15       00311A
__end_of_strobeallColors       text5        003804
__end_of_theaterChase          text4        003002
__end_of_theaterChaseRainbow   text2        002832
__end_of_turnOff               text1        003C34
__initialization               cinit        003B5E
__mediumconst                  mediumconst  000000
__pbitbssCOMRAM                bitbssCOMRAM 0002E0
__pbssBANK0                    bssBANK0     000060
__pbssBIGRAM                   bssBIGRAM    00006E
__pbssCOMRAM                   bssCOMRAM    000057
__pcinit                       cinit        003B5E
__pcstackBANK0                 cstackBANK0  00006C
__pcstackCOMRAM                cstackCOMRAM 000001
__pintcode                     intcode      000008
__pintcode_body                intcode_body 003B22
__psmallconst                  smallconst   000800
__ptext0                       text0        003336
__ptext1                       text1        003C18
__ptext10                      text10       001520
__ptext11                      text11       001F12
__ptext12                      text12       0039EA
__ptext13                      text13       00350A
__ptext14                      text14       00243C
__ptext15                      text15       003002
__ptext16                      text16       002B1E
__ptext17                      text17       0035E0
__ptext18                      text18       001108
__ptext19                      text19       00080A
__ptext2                       text2        00268C
__ptext20                      text20       002C6C
__ptext21                      text21       0036AC
__ptext22                      text22       001902
__ptext23                      text23       0021B4
__ptext24                      text24       00311A
__ptext25                      text25       001C2E
__ptext26                      text26       003AE6
__ptext27                      text27       003888
__ptext28                      text28       003BD2
__ptext29                      text29       00397A
__ptext3                       text3        00390A
__ptext30                      text30       003B98
__ptext31                      text31       003804
__ptext32                      text32       00342A
__ptext33                      text33       003BF8
__ptext34                      text34       003AA2
__ptext35                      text35       003A46
__ptext37                      text37       002832
__ptext4                       text4        002EE6
__ptext5                       text5        003766
__ptext6                       text6        003230
__ptext7                       text7        003C34
__ptext8                       text8        002DAC
__ptext9                       text9        000C98
__ramtop                       ramtop       000800
__size_of_Config4550           (abs)        000000
__size_of_CycloneBounceRainbow (abs)        000000
__size_of_CylonBounce          (abs)        000000
__size_of_Delay_ms             (abs)        000000
__size_of_FadeAllcolors        (abs)        000000
__size_of_FadeInOut            (abs)        000000
__size_of_ISR                  (abs)        000000
__size_of_RGBLoop              (abs)        000000
__size_of_RunningLights        (abs)        000000
__size_of_RunningLightsRainbow (abs)        000000
__size_of_SetAllColor          (abs)        000000
__size_of_SetAllcolors         (abs)        000000
__size_of_Show                 (abs)        000000
__size_of_Strobe               (abs)        000000
__size_of_Time_Check           (abs)        000000
__size_of_Wheel                (abs)        000000
__size_of___awdiv              (abs)        000000
__size_of___awmod              (abs)        000000
__size_of___fldiv              (abs)        000000
__size_of___flmul              (abs)        000000
__size_of___fltol              (abs)        000000
__size_of___lbdiv              (abs)        000000
__size_of___wmul               (abs)        000000
__size_of___xxtofl             (abs)        000000
__size_of_checkBuff            (abs)        000000
__size_of_colorWipe            (abs)        000000
__size_of_colorWipeRainbow     (abs)        000000
__size_of_fadeInOutRainbow     (abs)        000000
__size_of_initiateLeds         (abs)        000000
__size_of_main                 (abs)        000000
__size_of_rainbowCycle         (abs)        000000
__size_of_setAll               (abs)        000000
__size_of_setPixel             (abs)        000000
__size_of_staticWheel          (abs)        000000
__size_of_strobeallColors      (abs)        000000
__size_of_theaterChase         (abs)        000000
__size_of_theaterChaseRainbow  (abs)        000000
__size_of_turnOff              (abs)        000000
__smallconst                   smallconst   000800
_checkBuff                     text37       002832
_colorWipe                     text11       001F12
_colorWipeRainbow              text10       001520
_fadeInOutRainbow              text9        000C98
_initiateLeds                  text7        003C34
_main                          text0        003336
_rainbowCycle                  text6        003230
_setAll                        text26       003AE6
_setPixel                      text27       003888
_staticWheel                   text15       003002
_strobeallColors               text5        003766
_theaterChase                  text4        002EE6
_theaterChaseRainbow           text2        00268C
_turnOff                       text1        003C18
btemp                          temp         00005D
colorWipe@i                    cstackCOMRAM 00001A
colorWipe@i_242                cstackCOMRAM 00001B
colorWipe@i_243                cstackCOMRAM 000016
colorWipe@i_244                cstackCOMRAM 000018
colorWipe@i_245                cstackCOMRAM 00001C
colorWipe@i_246                cstackCOMRAM 00001E
colorWipe@i_247                cstackCOMRAM 000020
colorWipe@i_248                cstackCOMRAM 000022
colorWipeRainbow@c             cstackCOMRAM 000026
colorWipeRainbow@i             cstackCOMRAM 000020
colorWipeRainbow@i_253         cstackCOMRAM 000018
colorWipeRainbow@i_254         cstackCOMRAM 00001A
colorWipeRainbow@i_255         cstackCOMRAM 000021
colorWipeRainbow@i_256         cstackCOMRAM 00001C
colorWipeRainbow@i_257         cstackCOMRAM 000023
colorWipeRainbow@i_258         cstackCOMRAM 00001E
colorWipeRainbow@j             cstackCOMRAM 000025
end_of_initialization          cinit        003B8A
fadeInOutRainbow@b             cstackCOMRAM 00004C
fadeInOutRainbow@c             cstackCOMRAM 000052
fadeInOutRainbow@g             cstackCOMRAM 000048
fadeInOutRainbow@i             cstackCOMRAM 000050
fadeInOutRainbow@i_273         cstackCOMRAM 000051
fadeInOutRainbow@j             cstackCOMRAM 000053
fadeInOutRainbow@j_272         cstackCOMRAM 000054
fadeInOutRainbow@r             cstackCOMRAM 000044
int$flags                      temp         00005D
int_func                       intcode_body 003B22
intlevel0                      text         000000
intlevel1                      text         000000
intlevel2                      text         000000
intlevel3                      text         000000
rainbowCycle@c                 cstackCOMRAM 00001A
rainbowCycle@i                 cstackCOMRAM 000018
rainbowCycle@j                 cstackCOMRAM 000016
setAll@Blue                    cstackCOMRAM 000017
setAll@Green                   cstackCOMRAM 000016
setAll@Red                     cstackCOMRAM 000018
setAll@i                       cstackCOMRAM 000019
setPixel@blue                  cstackCOMRAM 000011
setPixel@green                 cstackCOMRAM 000010
setPixel@n                     cstackCOMRAM 00000D
setPixel@ptr                   cstackCOMRAM 000014
setPixel@red                   cstackCOMRAM 00000F
stackhi                        (abs)        0007FF
stacklo                        (abs)        00055A
start                          init         00000E
start_initialization           cinit        003B5E
staticWheel@i                  cstackCOMRAM 000006
staticWheel@i_313              cstackCOMRAM 00000B
staticWheel@temp               cstackCOMRAM 000008
strobeallColors@c              cstackCOMRAM 00001B
strobeallColors@i              cstackCOMRAM 00001C
theaterChase@i                 cstackCOMRAM 000018
theaterChase@i_277             cstackCOMRAM 00001A
theaterChase@q                 cstackCOMRAM 00001C
theaterChaseRainbow@c          cstackCOMRAM 00001E
theaterChaseRainbow@i          cstackCOMRAM 00001B
theaterChaseRainbow@i_283      cstackCOMRAM 000019
theaterChaseRainbow@j          cstackCOMRAM 000018
theaterChaseRainbow@q          cstackCOMRAM 00001D
ttemp5                         temp         00005E
ttemp6                         temp         000061
ttemp7                         temp         000065
wtemp8                         temp         00005E


FUNCTION INFORMATION:

 *************** function _main *****************
 Defined at:
		line 88 in file "Main.c"
 Parameters:    Size  Location     Type
		None
 Auto vars:     Size  Location     Type
		None
 Return value:  Size  Location     Type
                  2  112[None  ] int 
 Registers used:
		wreg, fsr0l, fsr0h, fsr1l, fsr1h, fsr1l, fsr1h, fsr2l, fsr2h, status,2, status,0, pclath, btemp, btemp+1, btemp+2, btemp+3, btemp+4, btemp+5, btemp+6, btemp+7, btemp+8, btemp+9, btemp+10, btemp+11, btemp+12, btemp+13, btemp+14, btemp+15, btemp+16, btemp+17, btemp+18, btemp+19, btemp+20, btemp+21, btemp+22, btemp+23, btemp+24, btemp+25, btemp+26, btemp+27, btemp+28, btemp+29, btemp+30, btemp+31, tosl, structret, tblptrl, tblptrh, tblptru, prodl, prodh, bsr, cstack
 Tracked objects:
		On entry : 
		On exit  : 
		Unchanged: 
 Data sizes:     COMRAM   BANK0   BANK1   BANK2   BANK3   BANK4   BANK5   BANK6   BANK7
      Params:         0       0       0       0       0       0       0       0       0
      Locals:         0       0       0       0       0       0       0       0       0
      Temps:          0       2       0       0       0       0       0       0       0
      Totals:         0       2       0       0       0       0       0       0       0
Total ram usage:        2 bytes
 Hardware stack levels required when called:    7
 This function calls:
		_Config4550
		_CycloneBounceRainbow
		_CylonBounce
		_Delay_ms
		_FadeAllcolors
		_FadeInOut
		_RunningLights
		_RunningLightsRainbow
		_SetAllColor
		_SetAllcolors
		_Strobe
		_colorWipe
		_colorWipeRainbow
		_fadeInOutRainbow
		_initiateLeds
		_rainbowCycle
		_strobeallColors
		_theaterChase
		_theaterChaseRainbow
		_turnOff
 This function is called by:
		Startup code after reset
 This function uses a non-reentrant model


 *************** function _turnOff *****************
 Defined at:
		line 72 in file "Main.c"
 Parameters:    Size  Location     Type
		None
 Auto vars:     Size  Location     Type
		None
 Return value:  Size  Location     Type
                  1    wreg      void 
 Registers used:
		wreg, fsr0l, fsr0h, fsr1l, fsr1h, fsr1l, fsr1h, fsr2l, fsr2h, status,2, status,0, pclath, btemp, btemp+1, btemp+2, btemp+3, btemp+4, btemp+5, btemp+6, btemp+7, btemp+8, btemp+9, btemp+10, btemp+11, btemp+12, btemp+13, btemp+14, btemp+15, btemp+16, btemp+17, btemp+18, btemp+19, btemp+20, btemp+21, btemp+22, btemp+23, btemp+24, btemp+25, btemp+26, btemp+27, btemp+28, btemp+29, btemp+30, btemp+31, tosl, structret, tblptrl, tblptrh, tblptru, prodl, prodh, bsr, cstack
 Tracked objects:
		On entry : 
		On exit  : 
		Unchanged: 
 Data sizes:     COMRAM   BANK0   BANK1   BANK2   BANK3   BANK4   BANK5   BANK6   BANK7
      Params:         0       0       0       0       0       0       0       0       0
      Locals:         0       0       0       0       0       0       0       0       0
      Temps:          0       0       0       0       0       0       0       0       0
      Totals:         0       0       0       0       0       0       0       0       0
Total ram usage:        0 bytes
 Hardware stack levels used:    1
 Hardware stack levels required when called:    5
 This function calls:
		_setAll
 This function is called by:
		_main
 This function uses a non-reentrant model


 *************** function _theaterChaseRainbow *****************
 Defined at:
		line 242 in file "Patterns.c"
 Parameters:    Size  Location     Type
		None
 Auto vars:     Size  Location     Type
  i               2   24[COMRAM] int 
  i               2   26[COMRAM] int 
  q               1   28[COMRAM] unsigned char 
  j               1   23[COMRAM] unsigned char 
  c               1   29[COMRAM] PTR unsigned char 
		 -> Wheel@c(3), 
 Return value:  Size  Location     Type
                  1    wreg      void 
 Registers used:
		wreg, fsr0l, fsr0h, fsr1l, fsr1h, fsr1l, fsr1h, fsr2l, fsr2h, status,2, status,0, pclath, btemp, btemp+1, btemp+2, btemp+3, btemp+4, btemp+5, btemp+6, btemp+7, btemp+8, btemp+9, btemp+10, btemp+11, btemp+12, btemp+13, btemp+14, btemp+15, btemp+16, btemp+17, btemp+18, btemp+19, btemp+20, btemp+21, btemp+22, btemp+23, btemp+24, btemp+25, btemp+26, btemp+27, btemp+28, btemp+29, btemp+30, btemp+31, tosl, structret, tblptrl, tblptrh, tblptru, prodl, prodh, bsr, cstack
 Tracked objects:
		On entry : 
		On exit  : 
		Unchanged: 
 Data sizes:     COMRAM   BANK0   BANK1   BANK2   BANK3   BANK4   BANK5   BANK6   BANK7
      Params:         0       0       0       0       0       0       0       0       0
      Locals:         7       0       0       0       0       0       0       0       0
      Temps:          2       0       0       0       0       0       0       0       0
      Totals:         9       0       0       0       0       0       0       0       0
Total ram usage:        9 bytes
 Hardware stack levels used:    1
 Hardware stack levels required when called:    4
 This function calls:
		_Delay_ms
		_Show
		_Time_Check
		_Wheel
		___awmod
		_setPixel
 This function is called by:
		_main
 This function uses a non-reentrant model


 *************** function ___awmod *****************
 Defined at:
		line 7 in file "C:\Program Files (x86)\Microchip\xc8\v2.10\pic\sources\c99\common\awmod.c"
 Parameters:    Size  Location     Type
  dividend        2    2[COMRAM] int 
  divisor         2    4[COMRAM] int 
 Auto vars:     Size  Location     Type
  sign            1    7[COMRAM] unsigned char 
  counter         1    6[COMRAM] unsigned char 
 Return value:  Size  Location     Type
                  2    2[COMRAM] int 
 Registers used:
		wreg, status,2, status,0
 Tracked objects:
		On entry : 
		On exit  : 
		Unchanged: 
 Data sizes:     COMRAM   BANK0   BANK1   BANK2   BANK3   BANK4   BANK5   BANK6   BANK7
      Params:         4       0       0       0       0       0       0       0       0
      Locals:         2       0       0       0       0       0       0       0       0
      Temps:          0       0       0       0       0       0       0       0       0
      Totals:         6       0       0       0       0       0       0       0       0
Total ram usage:        6 bytes
 Hardware stack levels used:    1
 Hardware stack levels required when called:    2
 This function calls:
		Nothing
 This function is called by:
		_theaterChaseRainbow
 This function uses a non-reentrant model


 *************** function _theaterChase *****************
 Defined at:
		line 225 in file "Patterns.c"
 Parameters:    Size  Location     Type
		None
 Auto vars:     Size  Location     Type
  i               2   25[COMRAM] int 
  i               2   23[COMRAM] int 
  q               1   27[COMRAM] unsigned char 
 Return value:  Size  Location     Type
                  1    wreg      void 
 Registers used:
		wreg, fsr0l, fsr0h, fsr1l, fsr1h, fsr1l, fsr1h, fsr2l, fsr2h, status,2, status,0, pclath, btemp, btemp+1, btemp+2, btemp+3, btemp+4, btemp+5, btemp+6, btemp+7, btemp+8, btemp+9, btemp+10, btemp+11, btemp+12, btemp+13, btemp+14, btemp+15, btemp+16, btemp+17, btemp+18, btemp+19, btemp+20, btemp+21, btemp+22, btemp+23, btemp+24, btemp+25, btemp+26, btemp+27, btemp+28, btemp+29, btemp+30, btemp+31, tosl, structret, tblptrl, tblptrh, tblptru, prodl, prodh, bsr, cstack
 Tracked objects:
		On entry : 
		On exit  : 
		Unchanged: 
 Data sizes:     COMRAM   BANK0   BANK1   BANK2   BANK3   BANK4   BANK5   BANK6   BANK7
      Params:         0       0       0       0       0       0       0       0       0
      Locals:         5       0       0       0       0       0       0       0       0
      Temps:          2       0       0       0       0       0       0       0       0
      Totals:         7       0       0       0       0       0       0       0       0
Total ram usage:        7 bytes
 Hardware stack levels used:    1
 Hardware stack levels required when called:    4
 This function calls:
		_Delay_ms
		_Show
		_Time_Check
		_setPixel
 This function is called by:
		_main
 This function uses a non-reentrant model


 *************** function _strobeallColors *****************
 Defined at:
		line 436 in file "Patterns.c"
 Parameters:    Size  Location     Type
		None
 Auto vars:     Size  Location     Type
  i               2   27[COMRAM] int 
  c               1   26[COMRAM] PTR unsigned char 
		 -> Wheel@c(3), 
 Return value:  Size  Location     Type
                  1    wreg      void 
 Registers used:
		wreg, fsr0l, fsr0h, fsr1l, fsr1h, fsr1l, fsr1h, fsr2l, fsr2h, status,2, status,0, pclath, btemp, btemp+1, btemp+2, btemp+3, btemp+4, btemp+5, btemp+6, btemp+7, btemp+8, btemp+9, btemp+10, btemp+11, btemp+12, btemp+13, btemp+14, btemp+15, btemp+16, btemp+17, btemp+18, btemp+19, btemp+20, btemp+21, btemp+22, btemp+23, btemp+24, btemp+25, btemp+26, btemp+27, btemp+28, btemp+29, btemp+30, btemp+31, tosl, structret, tblptrl, tblptrh, tblptru, prodl, prodh, bsr, cstack
 Tracked objects:
		On entry : 
		On exit  : 
		Unchanged: 
 Data sizes:     COMRAM   BANK0   BANK1   BANK2   BANK3   BANK4   BANK5   BANK6   BANK7
      Params:         0       0       0       0       0       0       0       0       0
      Locals:         3       0       0       0       0       0       0       0       0
      Temps:          0       0       0       0       0       0       0       0       0
      Totals:         3       0       0       0       0       0       0       0       0
Total ram usage:        3 bytes
 Hardware stack levels used:    1
 Hardware stack levels required when called:    5
 This function calls:
		_Delay_ms
		_Show
		_Time_Check
		_Wheel
		_setAll
 This function is called by:
		_main
 This function uses a non-reentrant model


 *************** function _rainbowCycle *****************
 Defined at:
		line 319 in file "Patterns.c"
 Parameters:    Size  Location     Type
		None
 Auto vars:     Size  Location     Type
  i               2   23[COMRAM] int 
  j               2   21[COMRAM] int 
  c               1   25[COMRAM] PTR unsigned char 
		 -> Wheel@c(3), 
 Return value:  Size  Location     Type
                  1    wreg      void 
 Registers used:
		wreg, fsr0l, fsr0h, fsr1l, fsr1h, fsr1l, fsr1h, fsr2l, fsr2h, status,2, status,0, pclath, btemp, btemp+1, btemp+2, btemp+3, btemp+4, btemp+5, btemp+6, btemp+7, btemp+8, btemp+9, btemp+10, btemp+11, btemp+12, btemp+13, btemp+14, btemp+15, btemp+16, btemp+17, btemp+18, btemp+19, btemp+20, btemp+21, btemp+22, btemp+23, btemp+24, btemp+25, btemp+26, btemp+27, btemp+28, btemp+29, btemp+30, btemp+31, tosl, structret, tblptrl, tblptrh, tblptru, prodl, prodh, bsr, cstack
 Tracked objects:
		On entry : 
		On exit  : 
		Unchanged: 
 Data sizes:     COMRAM   BANK0   BANK1   BANK2   BANK3   BANK4   BANK5   BANK6   BANK7
      Params:         0       0       0       0       0       0       0       0       0
      Locals:         5       0       0       0       0       0       0       0       0
      Temps:          0       0       0       0       0       0       0       0       0
      Totals:         5       0       0       0       0       0       0       0       0
Total ram usage:        5 bytes
 Hardware stack levels used:    1
 Hardware stack levels required when called:    4
 This function calls:
		_Delay_ms
		_Show
		_Time_Check
		_Wheel
		___awdiv
		___wmul
		_setPixel
 This function is called by:
		_main
 This function uses a non-reentrant model


 *************** function _initiateLeds *****************
 Defined at:
		line 79 in file "Main.c"
 Parameters:    Size  Location     Type
		None
 Auto vars:     Size  Location     Type
		None
 Return value:  Size  Location     Type
                  1    wreg      void 
 Registers used:
		wreg, fsr0l, fsr0h, fsr1l, fsr1h, fsr1l, fsr1h, fsr2l, fsr2h, status,2, status,0, pclath, btemp, btemp+1, btemp+2, btemp+3, btemp+4, btemp+5, btemp+6, btemp+7, btemp+8, btemp+9, btemp+10, btemp+11, btemp+12, btemp+13, btemp+14, btemp+15, btemp+16, btemp+17, btemp+18, btemp+19, btemp+20, btemp+21, btemp+22, btemp+23, btemp+24, btemp+25, btemp+26, btemp+27, btemp+28, btemp+29, btemp+30, btemp+31, tosl, structret, tblptrl, tblptrh, tblptru, prodl, prodh, bsr, cstack
 Tracked objects:
		On entry : 
		On exit  : 
		Unchanged: 
 Data sizes:     COMRAM   BANK0   BANK1   BANK2   BANK3   BANK4   BANK5   BANK6   BANK7
      Params:         0       0       0       0       0       0       0       0       0
      Locals:         0       0       0       0       0       0       0       0       0
      Temps:          0       0       0       0       0       0       0       0       0
      Totals:         0       0       0       0       0       0       0       0       0
Total ram usage:        0 bytes
 Hardware stack levels used:    1
 Hardware stack levels required when called:    6
 This function calls:
		_RGBLoop
 This function is called by:
		_main
 This function uses a non-reentrant model


 *************** function _RGBLoop *****************
 Defined at:
		line 16 in file "Patterns.c"
 Parameters:    Size  Location     Type
		None
 Auto vars:     Size  Location     Type
  k               2   31[COMRAM] int 
  k               2   29[COMRAM] int 
  j               1   28[COMRAM] unsigned char 
 Return value:  Size  Location     Type
                  1    wreg      void 
 Registers used:
		wreg, fsr0l, fsr0h, fsr1l, fsr1h, fsr1l, fsr1h, fsr2l, fsr2h, status,2, status,0, pclath, btemp, btemp+1, btemp+2, btemp+3, btemp+4, btemp+5, btemp+6, btemp+7, btemp+8, btemp+9, btemp+10, btemp+11, btemp+12, btemp+13, btemp+14, btemp+15, btemp+16, btemp+17, btemp+18, btemp+19, btemp+20, btemp+21, btemp+22, btemp+23, btemp+24, btemp+25, btemp+26, btemp+27, btemp+28, btemp+29, btemp+30, btemp+31, tosl, structret, tblptrl, tblptrh, tblptru, prodl, prodh, bsr, cstack
 Tracked objects:
		On entry : 
		On exit  : 
		Unchanged: 
 Data sizes:     COMRAM   BANK0   BANK1   BANK2   BANK3   BANK4   BANK5   BANK6   BANK7
      Params:         0       0       0       0       0       0       0       0       0
      Locals:         5       0       0       0       0       0       0       0       0
      Temps:          2       0       0       0       0       0       0       0       0
      Totals:         7       0       0       0       0       0       0       0       0
Total ram usage:        7 bytes
 Hardware stack levels used:    1
 Hardware stack levels required when called:    5
 This function calls:
		_Delay_ms
		_Time_Check
		_setAll
 This function is called by:
		_initiateLeds
 This function uses a non-reentrant model


 *************** function _fadeInOutRainbow *****************
 Defined at:
		line 197 in file "Patterns.c"
 Parameters:    Size  Location     Type
		None
 Auto vars:     Size  Location     Type
  i               1   80[COMRAM] unsigned char 
  i               1   79[COMRAM] unsigned char 
  j               1   83[COMRAM] unsigned char 
  j               1   82[COMRAM] unsigned char 
  b               4   75[COMRAM] float 
  g               4   71[COMRAM] float 
  r               4   67[COMRAM] float 
  c               1   81[COMRAM] PTR unsigned char 
		 -> Wheel@c(3), 
 Return value:  Size  Location     Type
                  1    wreg      void 
 Registers used:
		wreg, fsr0l, fsr0h, fsr1l, fsr1h, fsr1l, fsr1h, fsr2l, fsr2h, status,2, status,0, pclath, btemp, btemp+1, btemp+2, btemp+3, btemp+4, btemp+5, btemp+6, btemp+7, btemp+8, btemp+9, btemp+10, btemp+11, btemp+12, btemp+13, btemp+14, btemp+15, btemp+16, btemp+17, btemp+18, btemp+19, btemp+20, btemp+21, btemp+22, btemp+23, btemp+24, btemp+25, btemp+26, btemp+27, btemp+28, btemp+29, btemp+30, btemp+31, tosl, structret, tblptrl, tblptrh, tblptru, prodl, prodh, bsr, cstack
 Tracked objects:
		On entry : 
		On exit  : 
		Unchanged: 
 Data sizes:     COMRAM   BANK0   BANK1   BANK2   BANK3   BANK4   BANK5   BANK6   BANK7
      Params:         0       0       0       0       0       0       0       0       0
      Locals:        17       0       0       0       0       0       0       0       0
      Temps:          1       0       0       0       0       0       0       0       0
      Totals:        18       0       0       0       0       0       0       0       0
Total ram usage:       18 bytes
 Hardware stack levels used:    1
 Hardware stack levels required when called:    4
 This function calls:
		_Delay_ms
		_Show
		_Wheel
		___awdiv
		___fldiv
		___flmul
		___fltol
		___xxtofl
		_setPixel
 This function is called by:
		_main
 This function uses a non-reentrant model


 *************** function _colorWipeRainbow *****************
 Defined at:
		line 106 in file "Patterns.c"
 Parameters:    Size  Location     Type
		None
 Auto vars:     Size  Location     Type
  i               2   29[COMRAM] int 
  i               2   34[COMRAM] int 
  i               2   27[COMRAM] int 
  i               2   32[COMRAM] int 
  i               2   25[COMRAM] int 
  i               2   23[COMRAM] int 
  i               1   31[COMRAM] unsigned char 
  j               1   36[COMRAM] unsigned char 
  c               1   37[COMRAM] PTR unsigned char 
		 -> Wheel@c(3), 
 Return value:  Size  Location     Type
                  1    wreg      void 
 Registers used:
		wreg, fsr0l, fsr0h, fsr1l, fsr1h, fsr1l, fsr1h, fsr2l, fsr2h, status,2, status,0, pclath, btemp, btemp+1, btemp+2, btemp+3, btemp+4, btemp+5, btemp+6, btemp+7, btemp+8, btemp+9, btemp+10, btemp+11, btemp+12, btemp+13, btemp+14, btemp+15, btemp+16, btemp+17, btemp+18, btemp+19, btemp+20, btemp+21, btemp+22, btemp+23, btemp+24, btemp+25, btemp+26, btemp+27, btemp+28, btemp+29, btemp+30, btemp+31, tosl, structret, tblptrl, tblptrh, tblptru, prodl, prodh, bsr, cstack
 Tracked objects:
		On entry : 
		On exit  : 
		Unchanged: 
 Data sizes:     COMRAM   BANK0   BANK1   BANK2   BANK3   BANK4   BANK5   BANK6   BANK7
      Params:         0       0       0       0       0       0       0       0       0
      Locals:        15       0       0       0       0       0       0       0       0
      Temps:          2       0       0       0       0       0       0       0       0
      Totals:        17       0       0       0       0       0       0       0       0
Total ram usage:       17 bytes
 Hardware stack levels used:    1
 Hardware stack levels required when called:    4
 This function calls:
		_Delay_ms
		_Show
		_Time_Check
		_Wheel
		___awdiv
		_setPixel
 This function is called by:
		_main
 This function uses a non-reentrant model


 *************** function _colorWipe *****************
 Defined at:
		line 47 in file "Patterns.c"
 Parameters:    Size  Location     Type
		None
 Auto vars:     Size  Location     Type
  i               2   33[COMRAM] int 
  i               2   31[COMRAM] int 
  i               2   29[COMRAM] int 
  i               2   27[COMRAM] int 
  i               2   23[COMRAM] int 
  i               2   21[COMRAM] int 
  i               1   26[COMRAM] unsigned char 
  i               1   25[COMRAM] unsigned char 
 Return value:  Size  Location     Type
                  1    wreg      void 
 Registers used:
		wreg, fsr0l, fsr0h, fsr1l, fsr1h, fsr1l, fsr1h, fsr2l, fsr2h, status,2, status,0, pclath, btemp, btemp+1, btemp+2, btemp+3, btemp+4, btemp+5, btemp+6, btemp+7, btemp+8, btemp+9, btemp+10, btemp+11, btemp+12, btemp+13, btemp+14, btemp+15, btemp+16, btemp+17, btemp+18, btemp+19, btemp+20, btemp+21, btemp+22, btemp+23, btemp+24, btemp+25, btemp+26, btemp+27, btemp+28, btemp+29, btemp+30, btemp+31, tosl, structret, tblptrl, tblptrh, tblptru, prodl, prodh, bsr, cstack
 Tracked objects:
		On entry : 
		On exit  : 
		Unchanged: 
 Data sizes:     COMRAM   BANK0   BANK1   BANK2   BANK3   BANK4   BANK5   BANK6   BANK7
      Params:         0       0       0       0       0       0       0       0       0
      Locals:        14       0       0       0       0       0       0       0       0
      Temps:          0       0       0       0       0       0       0       0       0
      Totals:        14       0       0       0       0       0       0       0       0
Total ram usage:       14 bytes
 Hardware stack levels used:    1
 Hardware stack levels required when called:    4
 This function calls:
		_Delay_ms
		_Show
		_Time_Check
		_setPixel
 This function is called by:
		_main
 This function uses a non-reentrant model


 *************** function _Strobe *****************
 Defined at:
		line 425 in file "Patterns.c"
 Parameters:    Size  Location     Type
		None
 Auto vars:     Size  Location     Type
		None
 Return value:  Size  Location     Type
                  1    wreg      void 
 Registers used:
		wreg, fsr0l, fsr0h, fsr1l, fsr1h, fsr1l, fsr1h, fsr2l, fsr2h, status,2, status,0, pclath, btemp, btemp+1, btemp+2, btemp+3, btemp+4, btemp+5, btemp+6, btemp+7, btemp+8, btemp+9, btemp+10, btemp+11, btemp+12, btemp+13, btemp+14, btemp+15, btemp+16, btemp+17, btemp+18, btemp+19, btemp+20, btemp+21, btemp+22, btemp+23, btemp+24, btemp+25, btemp+26, btemp+27, btemp+28, btemp+29, btemp+30, btemp+31, tosl, structret, tblptrl, tblptrh, tblptru, prodl, prodh, bsr, cstack
 Tracked objects:
		On entry : 
		On exit  : 
		Unchanged: 
 Data sizes:     COMRAM   BANK0   BANK1   BANK2   BANK3   BANK4   BANK5   BANK6   BANK7
      Params:         0       0       0       0       0       0       0       0       0
      Locals:         0       0       0       0       0       0       0       0       0
      Temps:          0       0       0       0       0       0       0       0       0
      Totals:         0       0       0       0       0       0       0       0       0
Total ram usage:        0 bytes
 Hardware stack levels used:    1
 Hardware stack levels required when called:    5
 This function calls:
		_Delay_ms
		_Show
		_Time_Check
		_setAll
 This function is called by:
		_main
 This function uses a non-reentrant model


 *************** function _SetAllcolors *****************
 Defined at:
		line 475 in file "Patterns.c"
 Parameters:    Size  Location     Type
		None
 Auto vars:     Size  Location     Type
  i               2   30[COMRAM] int 
  j               2   28[COMRAM] int 
  flag            2    0        int 
  c               1   32[COMRAM] PTR unsigned char 
		 -> Wheel@c(3), 
 Return value:  Size  Location     Type
                  1    wreg      void 
 Registers used:
		wreg, fsr0l, fsr0h, fsr1l, fsr1h, fsr1l, fsr1h, fsr2l, fsr2h, status,2, status,0, pclath, btemp, btemp+1, btemp+2, btemp+3, btemp+4, btemp+5, btemp+6, btemp+7, btemp+8, btemp+9, btemp+10, btemp+11, btemp+12, btemp+13, btemp+14, btemp+15, btemp+16, btemp+17, btemp+18, btemp+19, btemp+20, btemp+21, btemp+22, btemp+23, btemp+24, btemp+25, btemp+26, btemp+27, btemp+28, btemp+29, btemp+30, btemp+31, tosl, structret, tblptrl, tblptrh, tblptru, prodl, prodh, bsr, cstack
 Tracked objects:
		On entry : 
		On exit  : 
		Unchanged: 
 Data sizes:     COMRAM   BANK0   BANK1   BANK2   BANK3   BANK4   BANK5   BANK6   BANK7
      Params:         0       0       0       0       0       0       0       0       0
      Locals:         7       0       0       0       0       0       0       0       0
      Temps:          0       0       0       0       0       0       0       0       0
      Totals:         7       0       0       0       0       0       0       0       0
Total ram usage:        7 bytes
 Hardware stack levels used:    1
 Hardware stack levels required when called:    5
 This function calls:
		_Delay_ms
		_Show
		_Time_Check
		_Wheel
		_setAll
		_setPixel
 This function is called by:
		_main
 This function uses a non-reentrant model


 *************** function _SetAllColor *****************
 Defined at:
		line 343 in file "Patterns.c"
 Parameters:    Size  Location     Type
		None
 Auto vars:     Size  Location     Type
  i               2   32[COMRAM] int 
  i               2   38[COMRAM] int 
  i               2   36[COMRAM] int 
  i               2   28[COMRAM] int 
  flag            2   34[COMRAM] int 
  counter         2   30[COMRAM] int 
  newBT           1   40[COMRAM] PTR unsigned char 
		 -> staticWheel@temp(3), 
 Return value:  Size  Location     Type
                  1    wreg      void 
 Registers used:
		wreg, fsr0l, fsr0h, fsr1l, fsr1h, fsr1l, fsr1h, fsr2l, fsr2h, status,2, status,0, pclath, btemp, btemp+1, btemp+2, btemp+3, btemp+4, btemp+5, btemp+6, btemp+7, btemp+8, btemp+9, btemp+10, btemp+11, btemp+12, btemp+13, btemp+14, btemp+15, btemp+16, btemp+17, btemp+18, btemp+19, btemp+20, btemp+21, btemp+22, btemp+23, btemp+24, btemp+25, btemp+26, btemp+27, btemp+28, btemp+29, btemp+30, btemp+31, tosl, structret, tblptrl, tblptrh, tblptru, prodl, prodh, bsr, cstack
 Tracked objects:
		On entry : 
		On exit  : 
		Unchanged: 
 Data sizes:     COMRAM   BANK0   BANK1   BANK2   BANK3   BANK4   BANK5   BANK6   BANK7
      Params:         0       0       0       0       0       0       0       0       0
      Locals:        13       0       0       0       0       0       0       0       0
      Temps:          2       0       0       0       0       0       0       0       0
      Totals:        15       0       0       0       0       0       0       0       0
Total ram usage:       15 bytes
 Hardware stack levels used:    1
 Hardware stack levels required when called:    5
 This function calls:
		_Delay_ms
		_Show
		_Time_Check
		_setAll
		_setPixel
		_staticWheel
 This function is called by:
		_main
 This function uses a non-reentrant model


 *************** function _staticWheel *****************
 Defined at:
		line 400 in file "Patterns.c"
 Parameters:    Size  Location     Type
		None
 Auto vars:     Size  Location     Type
  i               2   10[COMRAM] int 
  i               2    5[COMRAM] int 
  temp            3    7[COMRAM] unsigned char [3]
 Return value:  Size  Location     Type
                  1    wreg      PTR unsigned char 
 Registers used:
		wreg, fsr1l, fsr1h, fsr2l, fsr2h, status,2, status,0
 Tracked objects:
		On entry : 
		On exit  : 
		Unchanged: 
 Data sizes:     COMRAM   BANK0   BANK1   BANK2   BANK3   BANK4   BANK5   BANK6   BANK7
      Params:         2       0       0       0       0       0       0       0       0
      Locals:         7       0       0       0       0       0       0       0       0
      Temps:          1       0       0       0       0       0       0       0       0
      Totals:        10       0       0       0       0       0       0       0       0
Total ram usage:       10 bytes
 Hardware stack levels used:    1
 Hardware stack levels required when called:    2
 This function calls:
		Nothing
 This function is called by:
		_SetAllColor
 This function uses a non-reentrant model


 *************** function _RunningLightsRainbow *****************
 Defined at:
		line 525 in file "Patterns.c"
 Parameters:    Size  Location     Type
		None
 Auto vars:     Size  Location     Type
  i               2   32[COMRAM] int 
  i               2   30[COMRAM] int 
  q               2   28[COMRAM] int 
  i               2   26[COMRAM] int 
  pixelOn         2   24[COMRAM] int 
  c               1   34[COMRAM] PTR unsigned char 
		 -> Wheel@c(3), 
 Return value:  Size  Location     Type
                  1    wreg      void 
 Registers used:
		wreg, fsr0l, fsr0h, fsr1l, fsr1h, fsr1l, fsr1h, fsr2l, fsr2h, status,2, status,0, pclath, btemp, btemp+1, btemp+2, btemp+3, btemp+4, btemp+5, btemp+6, btemp+7, btemp+8, btemp+9, btemp+10, btemp+11, btemp+12, btemp+13, btemp+14, btemp+15, btemp+16, btemp+17, btemp+18, btemp+19, btemp+20, btemp+21, btemp+22, btemp+23, btemp+24, btemp+25, btemp+26, btemp+27, btemp+28, btemp+29, btemp+30, btemp+31, tosl, structret, tblptrl, tblptrh, tblptru, prodl, prodh, bsr, cstack
 Tracked objects:
		On entry : 
		On exit  : 
		Unchanged: 
 Data sizes:     COMRAM   BANK0   BANK1   BANK2   BANK3   BANK4   BANK5   BANK6   BANK7
      Params:         0       0       0       0       0       0       0       0       0
      Locals:        11       0       0       0       0       0       0       0       0
      Temps:          3       0       0       0       0       0       0       0       0
      Totals:        14       0       0       0       0       0       0       0       0
Total ram usage:       14 bytes
 Hardware stack levels used:    1
 Hardware stack levels required when called:    4
 This function calls:
		_Delay_ms
		_Show
		_Time_Check
		_Wheel
		_setPixel
 This function is called by:
		_main
 This function uses a non-reentrant model


 *************** function _RunningLights *****************
 Defined at:
		line 491 in file "Patterns.c"
 Parameters:    Size  Location     Type
		None
 Auto vars:     Size  Location     Type
  i               2   31[COMRAM] int 
  i               2   29[COMRAM] int 
  q               1   28[COMRAM] unsigned char 
  pixelOn         2   26[COMRAM] int 
  position        2    0        int 
 Return value:  Size  Location     Type
                  1    wreg      void 
 Registers used:
		wreg, fsr0l, fsr0h, fsr1l, fsr1h, fsr1l, fsr1h, fsr2l, fsr2h, status,2, status,0, pclath, btemp, btemp+1, btemp+2, btemp+3, btemp+4, btemp+5, btemp+6, btemp+7, btemp+8, btemp+9, btemp+10, btemp+11, btemp+12, btemp+13, btemp+14, btemp+15, btemp+16, btemp+17, btemp+18, btemp+19, btemp+20, btemp+21, btemp+22, btemp+23, btemp+24, btemp+25, btemp+26, btemp+27, btemp+28, btemp+29, btemp+30, btemp+31, tosl, structret, tblptrl, tblptrh, tblptru, prodl, prodh, bsr, cstack
 Tracked objects:
		On entry : 
		On exit  : 
		Unchanged: 
 Data sizes:     COMRAM   BANK0   BANK1   BANK2   BANK3   BANK4   BANK5   BANK6   BANK7
      Params:         0       0       0       0       0       0       0       0       0
      Locals:         9       0       0       0       0       0       0       0       0
      Temps:          3       0       0       0       0       0       0       0       0
      Totals:        12       0       0       0       0       0       0       0       0
Total ram usage:       12 bytes
 Hardware stack levels used:    1
 Hardware stack levels required when called:    4
 This function calls:
		_Delay_ms
		_Show
		_Time_Check
		_setPixel
 This function is called by:
		_main
 This function uses a non-reentrant model


 *************** function _FadeInOut *****************
 Defined at:
		line 174 in file "Patterns.c"
 Parameters:    Size  Location     Type
		None
 Auto vars:     Size  Location     Type
  k               2   80[COMRAM] int 
  k               2   78[COMRAM] int 
  b               4   74[COMRAM] float 
  g               4   70[COMRAM] float 
  r               4   66[COMRAM] float 
 Return value:  Size  Location     Type
                  1    wreg      void 
 Registers used:
		wreg, fsr0l, fsr0h, fsr1l, fsr1h, fsr1l, fsr1h, fsr2l, fsr2h, status,2, status,0, pclath, btemp, btemp+1, btemp+2, btemp+3, btemp+4, btemp+5, btemp+6, btemp+7, btemp+8, btemp+9, btemp+10, btemp+11, btemp+12, btemp+13, btemp+14, btemp+15, btemp+16, btemp+17, btemp+18, btemp+19, btemp+20, btemp+21, btemp+22, btemp+23, btemp+24, btemp+25, btemp+26, btemp+27, btemp+28, btemp+29, btemp+30, btemp+31, tosl, structret, tblptrl, tblptrh, tblptru, prodl, prodh, bsr, cstack
 Tracked objects:
		On entry : 
		On exit  : 
		Unchanged: 
 Data sizes:     COMRAM   BANK0   BANK1   BANK2   BANK3   BANK4   BANK5   BANK6   BANK7
      Params:         0       0       0       0       0       0       0       0       0
      Locals:        16       0       0       0       0       0       0       0       0
      Temps:          0       0       0       0       0       0       0       0       0
      Totals:        16       0       0       0       0       0       0       0       0
Total ram usage:       16 bytes
 Hardware stack levels used:    1
 Hardware stack levels required when called:    5
 This function calls:
		_Delay_ms
		_Show
		_Time_Check
		___fldiv
		___flmul
		___fltol
		___xxtofl
		_setAll
 This function is called by:
		_main
 This function uses a non-reentrant model


 *************** function _FadeAllcolors *****************
 Defined at:
		line 451 in file "Patterns.c"
 Parameters:    Size  Location     Type
		None
 Auto vars:     Size  Location     Type
  k               2   83[COMRAM] int 
  k               2   81[COMRAM] int 
  j               2   79[COMRAM] int 
  b               4   75[COMRAM] float 
  g               4   71[COMRAM] float 
  r               4   67[COMRAM] float 
  c               1   85[COMRAM] PTR unsigned char 
		 -> Wheel@c(3), 
 Return value:  Size  Location     Type
                  1    wreg      void 
 Registers used:
		wreg, fsr0l, fsr0h, fsr1l, fsr1h, fsr1l, fsr1h, fsr2l, fsr2h, status,2, status,0, pclath, btemp, btemp+1, btemp+2, btemp+3, btemp+4, btemp+5, btemp+6, btemp+7, btemp+8, btemp+9, btemp+10, btemp+11, btemp+12, btemp+13, btemp+14, btemp+15, btemp+16, btemp+17, btemp+18, btemp+19, btemp+20, btemp+21, btemp+22, btemp+23, btemp+24, btemp+25, btemp+26, btemp+27, btemp+28, btemp+29, btemp+30, btemp+31, tosl, structret, tblptrl, tblptrh, tblptru, prodl, prodh, bsr, cstack
 Tracked objects:
		On entry : 
		On exit  : 
		Unchanged: 
 Data sizes:     COMRAM   BANK0   BANK1   BANK2   BANK3   BANK4   BANK5   BANK6   BANK7
      Params:         0       0       0       0       0       0       0       0       0
      Locals:        19       0       0       0       0       0       0       0       0
      Temps:          1       0       0       0       0       0       0       0       0
      Totals:        20       0       0       0       0       0       0       0       0
Total ram usage:       20 bytes
 Hardware stack levels used:    1
 Hardware stack levels required when called:    5
 This function calls:
		_Delay_ms
		_Time_Check
		_Wheel
		___fldiv
		___flmul
		___fltol
		___xxtofl
		_setAll
 This function is called by:
		_main
 This function uses a non-reentrant model


 *************** function ___xxtofl *****************
 Defined at:
		line 10 in file "C:\Program Files (x86)\Microchip\xc8\v2.10\pic\sources\c99\common\xxtofl.c"
 Parameters:    Size  Location     Type
  sign            1    wreg     unsigned char 
  val             4    2[COMRAM] long 
 Auto vars:     Size  Location     Type
  sign            1   10[COMRAM] unsigned char 
  arg             4   12[COMRAM] unsigned long 
  exp             1   11[COMRAM] unsigned char 
 Return value:  Size  Location     Type
                  4    2[COMRAM] unsigned char 
 Registers used:
[...]
  Red             1    wreg     unsigned char 
  Green           1   21[COMRAM] unsigned char 
  Blue            1   22[COMRAM] unsigned char 
 Auto vars:     Size  Location     Type
  Red             1   23[COMRAM] unsigned char 
  i               2   24[COMRAM] int 
 Return value:  Size  Location     Type
                  1    wreg      void 
 Registers used:
		wreg, fsr0l, fsr0h, fsr1l, fsr1h, fsr1l, fsr1h, fsr2l, fsr2h, status,2, status,0, pclath, btemp, btemp+1, btemp+2, btemp+3, btemp+4, btemp+5, btemp+6, btemp+7, btemp+8, btemp+9, btemp+10, btemp+11, btemp+12, btemp+13, btemp+14, btemp+15, btemp+16, btemp+17, btemp+18, btemp+19, btemp+20, btemp+21, btemp+22, btemp+23, btemp+24, btemp+25, btemp+26, btemp+27, btemp+28, btemp+29, btemp+30, btemp+31, tosl, structret, tblptrl, tblptrh, tblptru, prodl, prodh, bsr, cstack
 Tracked objects:
		On entry : 
		On exit  : 
		Unchanged: 
 Data sizes:     COMRAM   BANK0   BANK1   BANK2   BANK3   BANK4   BANK5   BANK6   BANK7
      Params:         2       0       0       0       0       0       0       0       0
      Locals:         3       0       0       0       0       0       0       0       0
      Temps:          0       0       0       0       0       0       0       0       0
      Totals:         5       0       0       0       0       0       0       0       0
Total ram usage:        5 bytes
 Hardware stack levels used:    1
 Hardware stack levels required when called:    4
 This function calls:
		_Show
		_setPixel
 This function is called by:
		_turnOff
		_RGBLoop
		_FadeInOut
		_CylonBounce
		_CycloneBounceRainbow
		_SetAllColor
		_Strobe
		_strobeallColors
		_FadeAllcolors
		_SetAllcolors
 This function uses a non-reentrant model


 *************** function _setPixel *****************
 Defined at:
		line 26 in file "NeoFunctions.c"
 Parameters:    Size  Location     Type
  n               2   12[COMRAM] int 
  red             1   14[COMRAM] unsigned char 
  green           1   15[COMRAM] unsigned char 
  blue            1   16[COMRAM] unsigned char 
 Auto vars:     Size  Location     Type
  ptr             2   19[COMRAM] PTR int 
		 -> NumofBytes(1260), 
 Return value:  Size  Location     Type
                  1    wreg      void 
 Registers used:
		wreg, fsr2l, fsr2h, status,2, status,0, prodl, prodh, cstack
 Tracked objects:
		On entry : 
		On exit  : 
		Unchanged: 
 Data sizes:     COMRAM   BANK0   BANK1   BANK2   BANK3   BANK4   BANK5   BANK6   BANK7
      Params:         5       0       0       0       0       0       0       0       0
      Locals:         2       0       0       0       0       0       0       0       0
      Temps:          2       0       0       0       0       0       0       0       0
      Totals:         9       0       0       0       0       0       0       0       0
Total ram usage:        9 bytes
 Hardware stack levels used:    1
 Hardware stack levels required when called:    3
 This function calls:
		___wmul
 This function is called by:
		_colorWipe
		_colorWipeRainbow
		_fadeInOutRainbow
		_theaterChase
		_theaterChaseRainbow
		_CylonBounce
		_CycloneBounceRainbow
		_rainbowCycle
		_SetAllColor
		_SetAllcolors
		_RunningLights
		_RunningLightsRainbow
		_setAll
 This function uses a non-reentrant model


 *************** function ___wmul *****************
 Defined at:
		line 15 in file "C:\Program Files (x86)\Microchip\xc8\v2.10\pic\sources\c99\common\Umul16.c"
 Parameters:    Size  Location     Type
  multiplier      2    2[COMRAM] unsigned int 
  multiplicand    2    4[COMRAM] unsigned int 
 Auto vars:     Size  Location     Type
  product         2    6[COMRAM] unsigned int 
 Return value:  Size  Location     Type
                  2    2[COMRAM] unsigned int 
 Registers used:
		wreg, status,2, status,0, prodl, prodh
 Tracked objects:
		On entry : 
		On exit  : 
		Unchanged: 
 Data sizes:     COMRAM   BANK0   BANK1   BANK2   BANK3   BANK4   BANK5   BANK6   BANK7
      Params:         4       0       0       0       0       0       0       0       0
      Locals:         2       0       0       0       0       0       0       0       0
      Temps:          0       0       0       0       0       0       0       0       0
      Totals:         6       0       0       0       0       0       0       0       0
Total ram usage:        6 bytes
 Hardware stack levels used:    1
 Hardware stack levels required when called:    2
 This function calls:
		Nothing
 This function is called by:
		_rainbowCycle
		_setPixel
 This function uses a non-reentrant model


 *************** function _Show *****************
 Defined at:
		line 5 in file "NeoFunctions.c"
 Parameters:    Size  Location     Type
		None
 Auto vars:     Size  Location     Type
  i               2    3[COMRAM] int 
  ptrInicial      2    5[COMRAM] PTR int 
		 -> NumofBytes(1260), 
 Return value:  Size  Location     Type
                  1    wreg      void 
 Registers used:
		wreg, fsr0l, fsr0h, fsr1l, fsr1h, fsr1l, fsr1h, fsr2l, fsr2h, status,2, status,0, pclath, btemp, btemp+1, btemp+2, btemp+3, btemp+4, btemp+5, btemp+6, btemp+7, btemp+8, btemp+9, btemp+10, btemp+11, btemp+12, btemp+13, btemp+14, btemp+15, btemp+16, btemp+17, btemp+18, btemp+19, btemp+20, btemp+21, btemp+22, btemp+23, btemp+24, btemp+25, btemp+26, btemp+27, btemp+28, btemp+29, btemp+30, btemp+31, tosl, structret, tblptrl, tblptrh, tblptru, prodl, prodh, bsr, cstack
 Tracked objects:
		On entry : 
		On exit  : 
		Unchanged: 
 Data sizes:     COMRAM   BANK0   BANK1   BANK2   BANK3   BANK4   BANK5   BANK6   BANK7
      Params:         0       0       0       0       0       0       0       0       0
      Locals:         4       0       0       0       0       0       0       0       0
      Temps:          1       0       0       0       0       0       0       0       0
      Totals:         5       0       0       0       0       0       0       0       0
Total ram usage:        5 bytes
 Hardware stack levels used:    1
 Hardware stack levels required when called:    3
 This function calls:
		_Enviar_Bits
 This function is called by:
		_colorWipe
		_colorWipeRainbow
		_FadeInOut
		_fadeInOutRainbow
		_theaterChase
		_theaterChaseRainbow
		_CylonBounce
		_CycloneBounceRainbow
		_rainbowCycle
		_SetAllColor
		_Strobe
		_strobeallColors
		_SetAllcolors
		_RunningLights
		_RunningLightsRainbow
		_setAll
 This function uses a non-reentrant model


 *************** function ___lbdiv *****************
 Defined at:
		line 4 in file "C:\Program Files (x86)\Microchip\xc8\v2.10\pic\sources\c99\common\lbdiv.c"
 Parameters:    Size  Location     Type
  dividend        1    wreg     unsigned char 
  divisor         1    2[COMRAM] unsigned char 
 Auto vars:     Size  Location     Type
  dividend        1    3[COMRAM] unsigned char 
  quotient        1    5[COMRAM] unsigned char 
  counter         1    4[COMRAM] unsigned char 
 Return value:  Size  Location     Type
                  1    wreg      unsigned char 
 Registers used:
		wreg, status,2, status,0
 Tracked objects:
		On entry : 
		On exit  : 
		Unchanged: 
 Data sizes:     COMRAM   BANK0   BANK1   BANK2   BANK3   BANK4   BANK5   BANK6   BANK7
      Params:         1       0       0       0       0       0       0       0       0
      Locals:         3       0       0       0       0       0       0       0       0
      Temps:          0       0       0       0       0       0       0       0       0
      Totals:         4       0       0       0       0       0       0       0       0
Total ram usage:        4 bytes
 Hardware stack levels used:    1
 Hardware stack levels required when called:    2
 This function calls:
		Nothing
 This function is called by:
		_CycloneBounceRainbow
 This function uses a non-reentrant model


 *************** function ___awdiv *****************
 Defined at:
		line 7 in file "C:\Program Files (x86)\Microchip\xc8\v2.10\pic\sources\c99\common\awdiv.c"
 Parameters:    Size  Location     Type
  dividend        2    8[COMRAM] int 
  divisor         2   10[COMRAM] int 
 Auto vars:     Size  Location     Type
  quotient        2   14[COMRAM] int 
  sign            1   13[COMRAM] unsigned char 
  counter         1   12[COMRAM] unsigned char 
 Return value:  Size  Location     Type
                  2    8[COMRAM] int 
 Registers used:
		wreg, status,2, status,0
 Tracked objects:
		On entry : 
		On exit  : 
		Unchanged: 
 Data sizes:     COMRAM   BANK0   BANK1   BANK2   BANK3   BANK4   BANK5   BANK6   BANK7
      Params:         4       0       0       0       0       0       0       0       0
      Locals:         4       0       0       0       0       0       0       0       0
      Temps:          0       0       0       0       0       0       0       0       0
      Totals:         8       0       0       0       0       0       0       0       0
Total ram usage:        8 bytes
 Hardware stack levels used:    1
 Hardware stack levels required when called:    2
 This function calls:
		Nothing
 This function is called by:
		_colorWipeRainbow
		_fadeInOutRainbow
		_CycloneBounceRainbow
		_rainbowCycle
 This function uses a non-reentrant model


 *************** function _Wheel *****************
 Defined at:
		line 549 in file "Patterns.c"
 Parameters:    Size  Location     Type
  WheelPos        2   16[COMRAM] int 
 Auto vars:     Size  Location     Type
		None
 Return value:  Size  Location     Type
                  1    wreg      PTR unsigned char 
 Registers used:
		wreg, status,2, status,0, prodl, prodh
 Tracked objects:
		On entry : 
		On exit  : 
		Unchanged: 
 Data sizes:     COMRAM   BANK0   BANK1   BANK2   BANK3   BANK4   BANK5   BANK6   BANK7
      Params:         2       0       0       0       0       0       0       0       0
      Locals:         0       0       0       0       0       0       0       0       0
      Temps:          0       0       0       0       0       0       0       0       0
      Totals:         2       0       0       0       0       0       0       0       0
Total ram usage:        2 bytes
 Hardware stack levels used:    1
 Hardware stack levels required when called:    2
 This function calls:
		Nothing
 This function is called by:
		_colorWipeRainbow
		_fadeInOutRainbow
		_theaterChaseRainbow
		_CycloneBounceRainbow
		_rainbowCycle
		_strobeallColors
		_FadeAllcolors
		_SetAllcolors
		_RunningLightsRainbow
 This function uses a non-reentrant model


 *************** function _Time_Check *****************
 Defined at:
		line 586 in file "Patterns.c"
 Parameters:    Size  Location     Type
  Time            2    2[COMRAM] int 
 Auto vars:     Size  Location     Type
		None
 Return value:  Size  Location     Type
                  1    wreg      void 
 Registers used:
		wreg, status,2, status,0
 Tracked objects:
		On entry : 
		On exit  : 
		Unchanged: 
 Data sizes:     COMRAM   BANK0   BANK1   BANK2   BANK3   BANK4   BANK5   BANK6   BANK7
      Params:         2       0       0       0       0       0       0       0       0
      Locals:         0       0       0       0       0       0       0       0       0
      Temps:          3       0       0       0       0       0       0       0       0
      Totals:         5       0       0       0       0       0       0       0       0
Total ram usage:        5 bytes
 Hardware stack levels used:    1
 Hardware stack levels required when called:    2
 This function calls:
		Nothing
 This function is called by:
		_RGBLoop
		_colorWipe
		_colorWipeRainbow
		_FadeInOut
		_theaterChase
		_theaterChaseRainbow
		_CylonBounce
		_CycloneBounceRainbow
		_rainbowCycle
		_SetAllColor
		_Strobe
		_strobeallColors
		_FadeAllcolors
		_SetAllcolors
		_RunningLights
		_RunningLightsRainbow
 This function uses a non-reentrant model


 *************** function _Delay_ms *****************
 Defined at:
		line 592 in file "Patterns.c"
 Parameters:    Size  Location     Type
  time            2    2[COMRAM] int 
 Auto vars:     Size  Location     Type
  l               2    5[COMRAM] int 
 Return value:  Size  Location     Type
                  1    wreg      void 
 Registers used:
		wreg, status,2, status,0
 Tracked objects:
		On entry : 
		On exit  : 
		Unchanged: 
 Data sizes:     COMRAM   BANK0   BANK1   BANK2   BANK3   BANK4   BANK5   BANK6   BANK7
      Params:         2       0       0       0       0       0       0       0       0
      Locals:         2       0       0       0       0       0       0       0       0
      Temps:          1       0       0       0       0       0       0       0       0
      Totals:         5       0       0       0       0       0       0       0       0
Total ram usage:        5 bytes
 Hardware stack levels used:    1
 Hardware stack levels required when called:    2
 This function calls:
		Nothing
 This function is called by:
		_main
		_RGBLoop
		_colorWipe
		_colorWipeRainbow
		_FadeInOut
		_fadeInOutRainbow
		_theaterChase
		_theaterChaseRainbow
		_CylonBounce
		_CycloneBounceRainbow
		_rainbowCycle
		_SetAllColor
		_Strobe
		_strobeallColors
		_FadeAllcolors
		_SetAllcolors
		_RunningLights
		_RunningLightsRainbow
 This function uses a non-reentrant model


 *************** function _Config4550 *****************
 Defined at:
		line 14 in file "Settings.c"
 Parameters:    Size  Location     Type
		None
 Auto vars:     Size  Location     Type
		None
 Return value:  Size  Location     Type
                  1    wreg      void 
 Registers used:
		wreg, status,2
 Tracked objects:
		On entry : 
		On exit  : 
		Unchanged: 
 Data sizes:     COMRAM   BANK0   BANK1   BANK2   BANK3   BANK4   BANK5   BANK6   BANK7
      Params:         0       0       0       0       0       0       0       0       0
      Locals:         0       0       0       0       0       0       0       0       0
      Temps:          0       0       0       0       0       0       0       0       0
      Totals:         0       0       0       0       0       0       0       0       0
Total ram usage:        0 bytes
 Hardware stack levels used:    1
 Hardware stack levels required when called:    2
 This function calls:
		Nothing
 This function is called by:
		_main
 This function uses a non-reentrant model


 *************** function _ISR *****************
 Defined at:
		line 13 in file "Main.c"
 Parameters:    Size  Location     Type
		None
 Auto vars:     Size  Location     Type
		None
 Return value:  Size  Location     Type
                  1    wreg      void 
 Registers used:
		wreg, fsr2l, fsr2h, status,2, status,0, cstack
 Tracked objects:
		On entry : 
		On exit  : 
		Unchanged: 
 Data sizes:     COMRAM   BANK0   BANK1   BANK2   BANK3   BANK4   BANK5   BANK6   BANK7
      Params:         0       0       0       0       0       0       0       0       0
      Locals:         0       0       0       0       0       0       0       0       0
      Temps:          2       0       0       0       0       0       0       0       0
      Totals:         2       0       0       0       0       0       0       0       0
Total ram usage:        2 bytes
 Hardware stack levels used:    1
 Hardware stack levels required when called:    1
 This function calls:
		_checkBuff
 This function is called by:
		Interrupt level 2
 This function uses a non-reentrant model


 *************** function _checkBuff *****************
 Defined at:
		line 26 in file "Main.c"
 Parameters:    Size  Location     Type
		None
 Auto vars:     Size  Location     Type
		None
 Return value:  Size  Location     Type
                  1    wreg      void 
 Registers used:
		wreg, status,2, status,0
 Tracked objects:
		On entry : 
		On exit  : 
		Unchanged: 
 Data sizes:     COMRAM   BANK0   BANK1   BANK2   BANK3   BANK4   BANK5   BANK6   BANK7
      Params:         0       0       0       0       0       0       0       0       0
      Locals:         0       0       0       0       0       0       0       0       0
      Temps:          0       0       0       0       0       0       0       0       0
      Totals:         0       0       0       0       0       0       0       0       0
Total ram usage:        0 bytes
 Hardware stack levels used:    1
 This function calls:
		Nothing
 This function is called by:
		_ISR
 This function uses a non-reentrant model



MODULE INFORMATION

Module		Function		Class		Link	Load	Size
NeoFunctions.c
		_setPixel      		CODE           	3888	0000	131
		_Show          		CODE           	397A	0000	113
		_setAll        		CODE           	3AE6	0000	61

NeoFunctions.c estimated size: 305

Settings.c
		_Config4550    		CODE           	3A46	0000	93

Settings.c estimated size: 93

C:\Program Files (x86)\Microchip\xc8\v2.10\pic\sources\c99\common\xxtofl.c
		___xxtofl      		CODE           	2C6C	0000	321

C:\Program Files (x86)\Microchip\xc8\v2.10\pic\sources\c99\common\xxtofl.c estimated size: 321

C:\Program Files (x86)\Microchip\xc8\v2.10\pic\sources\c99\common\awdiv.c
		___awdiv       		CODE           	3804	0000	133

C:\Program Files (x86)\Microchip\xc8\v2.10\pic\sources\c99\common\awdiv.c estimated size: 133

C:\Program Files (x86)\Microchip\xc8\v2.10\pic\sources\c99\common\fltol.c
		___fltol       		CODE           	36AC	0000	187

C:\Program Files (x86)\Microchip\xc8\v2.10\pic\sources\c99\common\fltol.c estimated size: 187

C:\Program Files (x86)\Microchip\xc8\v2.10\pic\sources\c99\common\sprcmul.c
		___flmul       		CODE           	1902	0000	813

C:\Program Files (x86)\Microchip\xc8\v2.10\pic\sources\c99\common\sprcmul.c estimated size: 813

C:\Program Files (x86)\Microchip\xc8\v2.10\pic\sources\c99\common\sprcdiv.c
		___fldiv       		CODE           	21B4	0000	649

C:\Program Files (x86)\Microchip\xc8\v2.10\pic\sources\c99\common\sprcdiv.c estimated size: 649

Main.c
		_turnOff       		CODE           	3C18	0000	29
		_ISR           		CODE           	0008	0000	67
		_main          		CODE           	3336	0000	245
		_initiateLeds  		CODE           	3C34	0000	27
		_checkBuff     		CODE           	2832	0000	381

Main.c estimated size: 749

C:\Program Files (x86)\Microchip\xc8\v2.10\pic\sources\c99\common\lbdiv.c
		___lbdiv       		CODE           	3B98	0000	59

C:\Program Files (x86)\Microchip\xc8\v2.10\pic\sources\c99\common\lbdiv.c estimated size: 59

shared
		_NeoNum        		SMALLCONST     	0000	0000	0
		_bOffset       		SMALLCONST     	0000	0000	0
		_gOffset       		SMALLCONST     	0000	0000	0
		_rOffset       		SMALLCONST     	0000	0000	0
		__initialization		CODE           	3B5E	0000	45

shared estimated size: 45

Patterns.c
		_theaterChaseRainbow		CODE           	268C	0000	423
		_RGBLoop       		CODE           	2DAC	0000	315
		_strobeallColors		CODE           	3766	0000	159
		_fadeInOutRainbow		CODE           	0C98	0000	1137
		_rainbowCycle  		CODE           	3230	0000	263
		_theaterChase  		CODE           	2EE6	0000	285
		_Delay_ms      		CODE           	3AA2	0000	69
		_colorWipe     		CODE           	1F12	0000	675
		_Strobe        		CODE           	39EA	0000	93
		_Time_Check    		CODE           	3BF8	0000	33
		_RunningLights 		CODE           	35E0	0000	205
		_SetAllColor   		CODE           	243C	0000	593
		_CylonBounce   		CODE           	311A	0000	279
		_SetAllcolors  		CODE           	350A	0000	215
		_FadeInOut     		CODE           	1108	0000	1049
		_FadeAllcolors 		CODE           	080A	0000	1167
		_colorWipeRainbow		CODE           	1520	0000	995
		_CycloneBounceRainbow		CODE           	1C2E	0000	741
		_RunningLightsRainbow		CODE           	2B1E	0000	335
		_Wheel         		CODE           	342A	0000	225
		_staticWheel   		CODE           	3002	0000	281

Patterns.c estimated size: 9537

C:\Program Files (x86)\Microchip\xc8\v2.10\pic\sources\c99\common\Umul16.c
		___wmul        		CODE           	3BD2	0000	39

C:\Program Files (x86)\Microchip\xc8\v2.10\pic\sources\c99\common\Umul16.c estimated size: 39

C:\Program Files (x86)\Microchip\xc8\v2.10\pic\sources\c99\common\awmod.c
		___awmod       		CODE           	390A	0000	113

C:\Program Files (x86)\Microchip\xc8\v2.10\pic\sources\c99\common\awmod.c estimated size: 113

